// 重构日志: 4ad3ea72
// 重构日志: e592674c
// 同步 ID: 21073130 @ Sat Jul 25 07:10:26 UTC 2026
// 同步 ID: 7b88606f @ Sat Jul 25 09:34:19 UTC 2026
// 同步 ID: ddbd9e84 @ Sat Jul 25 11:01:26 UTC 2026
// 同步 ID: 93f1b457 @ Sat Jul 25 14:06:50 UTC 2026
// 重构日志: 5ef19922
// 重构日志: 4c37b972
// 重构日志: 566e7856
// 同步 ID: 85193050 @ Tue Jul 28 12:15:46 UTC 2026
// 重构日志: f0966d6e
// 同步 ID: cf426212 @ Tue Jul 28 19:02:05 UTC 2026
// 重构日志: c8c05f30
// 重构日志: 605059bd
// 重构日志: cbeea46e
// 重构日志: 41d8a863
// 同步 ID: e8d327fc @ Fri Jul 31 10:49:05 UTC 2026
// 重构日志: 3ab605d8
// 重构日志: 8363a132
// 重构日志: 196c1519
// 重构日志: e49f4723
// 同步 ID: 42d44411 @ Tue Aug  4 04:25:22 UTC 2026
// 重构日志: eee3e9af
// 重构日志: 122daf09
// 重构日志: fa0dafd8
// 同步 ID: 8d0ab3cc @ Thu Aug  6 12:29:23 UTC 2026
// 同步 ID: a50a900c @ Thu Aug  6 15:26:28 UTC 2026
// 同步 ID: db0b0e74 @ Fri Aug  7 07:45:23 UTC 2026
// 重构日志: 36f7a02f
// 同步 ID: 9397e115 @ Sat Aug  8 14:54:31 UTC 2026
// 重构日志: 8a52c55b
